// Jest Snapshot v1, https://goo.gl/fbAQLP

exports[`Card component renders the UI as expected 1`] = `
<div
  className="Card"
>
  <button
    type="button"
  >
    delete
  </button>
  <h3>
    task name
  </h3>
  <p>
    details for task
  </p>
</div>
`;
